// Jest Snapshot v1, https://goo.gl/fbAQLP

exports[`Square Basic rendering 1`] = `
<DocumentFragment>
  <div
    class="zoom"
    tabindex="0"
  >
    <div
      class="square"
      data-testid="square"
      tabindex="-1"
    >
      <img
        alt="duck pawn"
        class="duckFace yellow"
        data-testid="test-pawn-yellow"
        src="./assets/img/duck-yellow.png"
      />
    </div>
  </div>
</DocumentFragment>
`;
