// Jest Snapshot v1, https://goo.gl/fbAQLP

exports[`Board Basic rendering 1`] = `
<DocumentFragment>
  <div
    class="board_container"
  >
    <div
      class="board"
    >
      <div
        class="row"
        data-testid="row"
      >
        <div
          class="zoom"
          tabindex="0"
        >
          <div
            class="square"
            data-testid="square"
            tabindex="-1"
          />
        </div>
        <div
          class="zoom"
          tabindex="0"
        >
          <div
            class="square"
            data-testid="square"
            tabindex="-1"
          />
        </div>
        <div
          class="zoom"
          tabindex="0"
        >
          <div
            class="square"
            data-testid="square"
            tabindex="-1"
          />
        </div>
        <div
          class="zoom"
          tabindex="0"
        >
          <div
            class="square"
            data-testid="square"
            tabindex="-1"
          />
        </div>
        <div
          class="zoom"
          tabindex="0"
        >
          <div
            class="square"
            data-testid="square"
            tabindex="-1"
          />
        </div>
        <div
          class="zoom"
          tabindex="0"
        >
          <div
            class="square"
            data-testid="square"
            tabindex="-1"
          />
        </div>
        <div
          class="zoom"
          tabindex="0"
        >
          <div
            class="square"
            data-testid="square"
            tabindex="-1"
          />
        </div>
        <div
          class="zoom"
          tabindex="0"
        >
          <div
            class="square"
            data-testid="square"
            tabindex="-1"
          />
        </div>
      </div>
      <div
        class="row"
        data-testid="row"
      >
        <div
          class="zoom"
          tabindex="0"
        >
          <div
            class="square"
            data-testid="square"
            tabindex="-1"
          />
        </div>
        <div
          class="zoom"
          tabindex="0"
        >
          <div
            class="square"
            data-testid="square"
            tabindex="-1"
          />
        </div>
        <div
          class="zoom"
          tabindex="0"
        >
          <div
            class="square"
            data-testid="square"
            tabindex="-1"
          />
        </div>
        <div
          class="zoom"
          tabindex="0"
        >
          <div
            class="square"
            data-testid="square"
            tabindex="-1"
          />
        </div>
        <div
          class="zoom"
          tabindex="0"
        >
          <div
            class="square"
            data-testid="square"
            tabindex="-1"
          />
        </div>
        <div
          class="zoom"
          tabindex="0"
        >
          <div
            class="square"
            data-testid="square"
            tabindex="-1"
          />
        </div>
        <div
          class="zoom"
          tabindex="0"
        >
          <div
            class="square"
            data-testid="square"
            tabindex="-1"
          />
        </div>
        <div
          class="zoom"
          tabindex="0"
        >
          <div
            class="square"
            data-testid="square"
            tabindex="-1"
          />
        </div>
      </div>
      <div
        class="row"
        data-testid="row"
      >
        <div
          class="zoom"
          tabindex="0"
        >
          <div
            class="square"
            data-testid="square"
            tabindex="-1"
          />
        </div>
        <div
          class="zoom"
          tabindex="0"
        >
          <div
            class="square"
            data-testid="square"
            tabindex="-1"
          />
        </div>
        <div
          class="zoom"
          tabindex="0"
        >
          <div
            class="square"
            data-testid="square"
            tabindex="-1"
          />
        </div>
        <div
          class="zoom"
          tabindex="0"
        >
          <div
            class="square"
            data-testid="square"
            tabindex="-1"
          />
        </div>
        <div
          class="zoom"
          tabindex="0"
        >
          <div
            class="square"
            data-testid="square"
            tabindex="-1"
          />
        </div>
        <div
          class="zoom"
          tabindex="0"
        >
          <div
            class="square"
            data-testid="square"
            tabindex="-1"
          />
        </div>
        <div
          class="zoom"
          tabindex="0"
        >
          <div
            class="square"
            data-testid="square"
            tabindex="-1"
          />
        </div>
        <div
          class="zoom"
          tabindex="0"
        >
          <div
            class="square"
            data-testid="square"
            tabindex="-1"
          />
        </div>
      </div>
      <div
        class="row"
        data-testid="row"
      >
        <div
          class="zoom"
          tabindex="0"
        >
          <div
            class="square"
            data-testid="square"
            tabindex="-1"
          />
        </div>
        <div
          class="zoom"
          tabindex="0"
        >
          <div
            class="square"
            data-testid="square"
            tabindex="-1"
          />
        </div>
        <div
          class="zoom"
          tabindex="0"
        >
          <div
            class="square"
            data-testid="square"
            tabindex="-1"
          />
        </div>
        <div
          class="zoom"
          tabindex="0"
        >
          <div
            class="square"
            data-testid="square"
            tabindex="-1"
          >
            <img
              alt="duck pawn"
              class="duckFace yellow"
              data-testid="test-pawn-yellow"
              src="./assets/img/duck-yellow.png"
            />
          </div>
        </div>
        <div
          class="zoom"
          tabindex="0"
        >
          <div
            class="square"
            data-testid="square"
            tabindex="-1"
          >
            <img
              alt="duck pawn"
              class="duckFace red"
              data-testid="test-pawn-red"
              src="./assets/img/duck-red.png"
            />
          </div>
        </div>
        <div
          class="zoom"
          tabindex="0"
        >
          <div
            class="square"
            data-testid="square"
            tabindex="-1"
          />
        </div>
        <div
          class="zoom"
          tabindex="0"
        >
          <div
            class="square"
            data-testid="square"
            tabindex="-1"
          />
        </div>
        <div
          class="zoom"
          tabindex="0"
        >
          <div
            class="square"
            data-testid="square"
            tabindex="-1"
          />
        </div>
      </div>
      <div
        class="row"
        data-testid="row"
      >
        <div
          class="zoom"
          tabindex="0"
        >
          <div
            class="square"
            data-testid="square"
            tabindex="-1"
          />
        </div>
        <div
          class="zoom"
          tabindex="0"
        >
          <div
            class="square"
            data-testid="square"
            tabindex="-1"
          />
        </div>
        <div
          class="zoom"
          tabindex="0"
        >
          <div
            class="square"
            data-testid="square"
            tabindex="-1"
          />
        </div>
        <div
          class="zoom"
          tabindex="0"
        >
          <div
            class="square"
            data-testid="square"
            tabindex="-1"
          >
            <img
              alt="duck pawn"
              class="duckFace red"
              data-testid="test-pawn-red"
              src="./assets/img/duck-red.png"
            />
          </div>
        </div>
        <div
          class="zoom"
          tabindex="0"
        >
          <div
            class="square"
            data-testid="square"
            tabindex="-1"
          >
            <img
              alt="duck pawn"
              class="duckFace yellow"
              data-testid="test-pawn-yellow"
              src="./assets/img/duck-yellow.png"
            />
          </div>
        </div>
        <div
          class="zoom"
          tabindex="0"
        >
          <div
            class="square"
            data-testid="square"
            tabindex="-1"
          />
        </div>
        <div
          class="zoom"
          tabindex="0"
        >
          <div
            class="square"
            data-testid="square"
            tabindex="-1"
          />
        </div>
        <div
          class="zoom"
          tabindex="0"
        >
          <div
            class="square"
            data-testid="square"
            tabindex="-1"
          />
        </div>
      </div>
      <div
        class="row"
        data-testid="row"
      >
        <div
          class="zoom"
          tabindex="0"
        >
          <div
            class="square"
            data-testid="square"
            tabindex="-1"
          />
        </div>
        <div
          class="zoom"
          tabindex="0"
        >
          <div
            class="square"
            data-testid="square"
            tabindex="-1"
          />
        </div>
        <div
          class="zoom"
          tabindex="0"
        >
          <div
            class="square"
            data-testid="square"
            tabindex="-1"
          />
        </div>
        <div
          class="zoom"
          tabindex="0"
        >
          <div
            class="square"
            data-testid="square"
            tabindex="-1"
          />
        </div>
        <div
          class="zoom"
          tabindex="0"
        >
          <div
            class="square"
            data-testid="square"
            tabindex="-1"
          />
        </div>
        <div
          class="zoom"
          tabindex="0"
        >
          <div
            class="square"
            data-testid="square"
            tabindex="-1"
          />
        </div>
        <div
          class="zoom"
          tabindex="0"
        >
          <div
            class="square"
            data-testid="square"
            tabindex="-1"
          />
        </div>
        <div
          class="zoom"
          tabindex="0"
        >
          <div
            class="square"
            data-testid="square"
            tabindex="-1"
          />
        </div>
      </div>
      <div
        class="row"
        data-testid="row"
      >
        <div
          class="zoom"
          tabindex="0"
        >
          <div
            class="square"
            data-testid="square"
            tabindex="-1"
          />
        </div>
        <div
          class="zoom"
          tabindex="0"
        >
          <div
            class="square"
            data-testid="square"
            tabindex="-1"
          />
        </div>
        <div
          class="zoom"
          tabindex="0"
        >
          <div
            class="square"
            data-testid="square"
            tabindex="-1"
          />
        </div>
        <div
          class="zoom"
          tabindex="0"
        >
          <div
            class="square"
            data-testid="square"
            tabindex="-1"
          />
        </div>
        <div
          class="zoom"
          tabindex="0"
        >
          <div
            class="square"
            data-testid="square"
            tabindex="-1"
          />
        </div>
        <div
          class="zoom"
          tabindex="0"
        >
          <div
            class="square"
            data-testid="square"
            tabindex="-1"
          />
        </div>
        <div
          class="zoom"
          tabindex="0"
        >
          <div
            class="square"
            data-testid="square"
            tabindex="-1"
          />
        </div>
        <div
          class="zoom"
          tabindex="0"
        >
          <div
            class="square"
            data-testid="square"
            tabindex="-1"
          />
        </div>
      </div>
      <div
        class="row"
        data-testid="row"
      >
        <div
          class="zoom"
          tabindex="0"
        >
          <div
            class="square"
            data-testid="square"
            tabindex="-1"
          />
        </div>
        <div
          class="zoom"
          tabindex="0"
        >
          <div
            class="square"
            data-testid="square"
            tabindex="-1"
          />
        </div>
        <div
          class="zoom"
          tabindex="0"
        >
          <div
            class="square"
            data-testid="square"
            tabindex="-1"
          />
        </div>
        <div
          class="zoom"
          tabindex="0"
        >
          <div
            class="square"
            data-testid="square"
            tabindex="-1"
          />
        </div>
        <div
          class="zoom"
          tabindex="0"
        >
          <div
            class="square"
            data-testid="square"
            tabindex="-1"
          />
        </div>
        <div
          class="zoom"
          tabindex="0"
        >
          <div
            class="square"
            data-testid="square"
            tabindex="-1"
          />
        </div>
        <div
          class="zoom"
          tabindex="0"
        >
          <div
            class="square"
            data-testid="square"
            tabindex="-1"
          />
        </div>
        <div
          class="zoom"
          tabindex="0"
        >
          <div
            class="square"
            data-testid="square"
            tabindex="-1"
          />
        </div>
      </div>
    </div>
  </div>
</DocumentFragment>
`;
